rmurray@debian.org
tytso@mit.edu
branden@debian.org
ejka@imfi.kspu
ondrej@debian.org
biebl@debian.org
walters@debian.org
sjoerd@debian.org
bigon@debian.org
ejad@debian.org
filippo@debian.org
limonciello@dell.com
iwamatsu@debian.org
p@kernel.linux
printing@lists.debian
ondrej@debian.org
fabbe@debian.org
devel@lists.alioth
devel@lists.alioth
hmh@debian.org
alex@googlemail.com
jon@jon.demon
mike@piratehaven.org
jplejacq@quoininc.com
martin@piware.de
cowboy@debian.org
magnus@debian.org
Gelato@astro.su
cowboy@debian.org
magnus@debian.org
jmknoble@mercury.interpath
alvar@meiko.co
clameter@debian.org
www@my.domain
john@doe.com
me@example.com
john@doe.com
me@example.com
www@my.domain
sada2124@yandex.ru
sada2124@yandex.ru
reply@wartur.ru
dave@mielke.cc
dave@mielke.cc
dave@mielke.cc
dave@mielke.cc
dave@mielke.cc
dave@mielke.cc
dave@mielke.cc
dave@mielke.cc
dave@mielke.cc
dave@mielke.cc
dave@mielke.cc
dave@mielke.cc
dave@mielke.cc
dave@mielke.cc
dave@mielke.cc
dave@mielke.cc
dave@mielke.cc
dave@mielke.cc
dave@mielke.cc
dave@mielke.cc
dave@mielke.cc
dave@mielke.cc
dave@mielke.cc
dave@mielke.cc
dave@mielke.cc
dave@mielke.cc
dave@mielke.cc
dave@mielke.cc
dave@mielke.cc
dave@mielke.cc
dave@mielke.cc
dave@mielke.cc
dave@mielke.cc
dave@mielke.cc
dave@mielke.cc
dave@mielke.cc
dave@mielke.cc
dave@mielke.cc
dave@mielke.cc
dave@mielke.cc
dave@mielke.cc
dave@mielke.cc
dave@mielke.cc
dave@mielke.cc
dave@mielke.cc
dave@mielke.cc
dave@mielke.cc
dave@mielke.cc
dave@mielke.cc
dave@mielke.cc
dave@mielke.cc
dave@mielke.cc
dave@mielke.cc
dave@mielke.cc
dave@mielke.cc
dave@mielke.cc
dave@mielke.cc
dave@mielke.cc
dave@mielke.cc
dave@mielke.cc
dave@mielke.cc
dave@mielke.cc
dave@mielke.cc
dave@mielke.cc
dave@mielke.cc
dave@mielke.cc
dave@mielke.cc
dave@mielke.cc
dave@mielke.cc
dave@mielke.cc
dave@mielke.cc
dave@mielke.cc
dave@mielke.cc
dave@mielke.cc
dave@mielke.cc
dave@mielke.cc
dave@mielke.cc
dave@mielke.cc
dave@mielke.cc
dave@mielke.cc
dave@mielke.cc
dave@mielke.cc
dave@mielke.cc
dave@mielke.cc
dave@mielke.cc
dave@mielke.cc
dave@mielke.cc
dave@mielke.cc
dave@mielke.cc
dave@mielke.cc
dave@mielke.cc
dave@mielke.cc
dave@mielke.cc
dave@mielke.cc
dave@mielke.cc
dave@mielke.cc
dave@mielke.cc
dave@mielke.cc
dave@mielke.cc
dave@mielke.cc
dave@mielke.cc
dave@mielke.cc
dave@mielke.cc
dave@mielke.cc
dave@mielke.cc
dave@mielke.cc
dave@mielke.cc
dave@mielke.cc
dave@mielke.cc
dave@mielke.cc
dave@mielke.cc
dave@mielke.cc
dave@mielke.cc
dave@mielke.cc
dave@mielke.cc
dave@mielke.cc
dave@mielke.cc
dave@mielke.cc
dave@mielke.cc
dave@mielke.cc
dave@mielke.cc
dave@mielke.cc
dave@mielke.cc
dave@mielke.cc
dave@mielke.cc
dave@mielke.cc
dave@mielke.cc
dave@mielke.cc
dave@mielke.cc
dave@mielke.cc
dave@mielke.cc
dave@mielke.cc
dave@mielke.cc
dave@mielke.cc
dave@mielke.cc
dave@mielke.cc
dave@mielke.cc
dave@mielke.cc
dave@mielke.cc
dave@mielke.cc
dave@mielke.cc
dave@mielke.cc
dave@mielke.cc
dave@mielke.cc
dave@mielke.cc
dave@mielke.cc
dave@mielke.cc
dave@mielke.cc
dave@mielke.cc
dave@mielke.cc
dave@mielke.cc
dave@mielke.cc
dave@mielke.cc
dave@mielke.cc
dave@mielke.cc
dave@mielke.cc
dave@mielke.cc
dave@mielke.cc
dave@mielke.cc
dave@mielke.cc
dave@mielke.cc
dave@mielke.cc
dave@mielke.cc
dave@mielke.cc
dave@mielke.cc
dave@mielke.cc
dave@mielke.cc
dave@mielke.cc
dave@mielke.cc
dave@mielke.cc
dave@mielke.cc
yan@mistigri.org
dave@mielke.cc
dave@mielke.cc
dave@mielke.cc
dave@mielke.cc
dave@mielke.cc
dave@mielke.cc
dave@mielke.cc
dave@mielke.cc
dave@mielke.cc
dave@mielke.cc
dave@mielke.cc
dave@mielke.cc
dave@mielke.cc
dave@mielke.cc
dave@mielke.cc
dave@mielke.cc
dave@mielke.cc
dave@mielke.cc
dave@mielke.cc
dave@mielke.cc
dave@mielke.cc
dave@mielke.cc
dave@mielke.cc
dave@mielke.cc
dave@mielke.cc
dave@mielke.cc
dave@mielke.cc
dave@mielke.cc
dave@mielke.cc
dave@mielke.cc
dave@mielke.cc
dave@mielke.cc
dave@mielke.cc
dave@mielke.cc
dave@mielke.cc
dave@mielke.cc
dave@mielke.cc
dave@mielke.cc
dave@mielke.cc
dave@mielke.cc
dave@mielke.cc
dave@mielke.cc
dave@mielke.cc
dave@mielke.cc
dave@mielke.cc
dave@mielke.cc
dave@mielke.cc
dave@mielke.cc
dave@mielke.cc
dave@mielke.cc
dave@mielke.cc
dave@mielke.cc
dave@mielke.cc
Ungier@ViewPlus.com
dave@mielke.cc
director@chpi.org
Ungier@ViewPlus.com
mramadan@nattiq.com
dave@mielke.cc
dave@mielke.cc
Ungier@ViewPlus.com
dave@mielke.cc
dave@mielke.cc
zsolt@infoalap.hu
dave@mielke.cc
dave@mielke.cc
sable@users.sourceforge
dave@mielke.cc
dave@mielke.cc
director@chpi.org
Ungier@ViewPlus.com
mramadan@nattiq.com
dave@mielke.cc
dave@mielke.cc
director@chpi.org
Ungier@ViewPlus.com
mramadan@nattiq.com
dave@mielke.cc
dave@mielke.cc
director@chpi.org
Ungier@ViewPlus.com
mramadan@nattiq.com
dave@mielke.cc
dave@mielke.cc
dave@mielke.cc
dave@mielke.cc
dave@mielke.cc
director@chpi.org
Ungier@ViewPlus.com
mramadan@nattiq.com
dave@mielke.cc
dave@mielke.cc
dave@mielke.cc
dave@mielke.cc
dave@mielke.cc
dave@mielke.cc
dave@mielke.cc
dave@mielke.cc
muzeo@wanadoo.fr
dave@mielke.cc
dave@mielke.cc
dave@mielke.cc
dave@mielke.cc
dave@mielke.cc
dave@mielke.cc
dave@mielke.cc
dave@mielke.cc
dave@mielke.cc
dave@mielke.cc
dave@mielke.cc
dave@mielke.cc
sable@users.sourceforge
dave@mielke.cc
dave@mielke.cc
dave@mielke.cc
dave@mielke.cc
sivill@viewplus.com
dave@mielke.cc
buchal@brailcom.org
dave@mielke.cc
dave@mielke.cc
dave@mielke.cc
dave@mielke.cc
dave@mielke.cc
dave@mielke.cc
dave@mielke.cc
director@chpi.org
Ungier@ViewPlus.com
mramadan@nattiq.com
dave@mielke.cc
dave@mielke.cc
dave@mielke.cc
dave@mielke.cc
dave@mielke.cc
dave@mielke.cc
dave@mielke.cc
dave@mielke.cc
dave@mielke.cc
dave@mielke.cc
director@chpi.org
Ungier@ViewPlus.com
mramadan@nattiq.com
dave@mielke.cc
dave@mielke.cc
dave@mielke.cc
dave@mielke.cc
Ungier@ViewPlus.com
dave@mielke.cc
dave@mielke.cc
dave@mielke.cc
dave@mielke.cc
dave@mielke.cc
director@chpi.org
Ungier@ViewPlus.com
mramadan@nattiq.com
dave@mielke.cc
dave@mielke.cc
director@chpi.org
Ungier@ViewPlus.com
mramadan@nattiq.com
dave@mielke.cc
dave@mielke.cc
dave@mielke.cc
dave@mielke.cc
director@chpi.org
Ungier@ViewPlus.com
mramadan@nattiq.com
dave@mielke.cc
dave@mielke.cc
dave@mielke.cc
birkir@midstod.is
dave@mielke.cc
dave@mielke.cc
dave@mielke.cc
dave@mielke.cc
chlor@schou.dk
dave@mielke.cc
dave@mielke.cc
dave@mielke.cc
dave@mielke.cc
dave@mielke.cc
dave@mielke.cc
dave@mielke.cc
dave@mielke.cc
dave@mielke.cc
dave@mielke.cc
dave@mielke.cc
dave@mielke.cc
dave@mielke.cc
dave@mielke.cc
dave@mielke.cc
dave@mielke.cc
dave@mielke.cc
director@chpi.org
Ungier@ViewPlus.com
mramadan@nattiq.com
dave@mielke.cc
Ungier@ViewPlus.com
dave@mielke.cc
dave@mielke.cc
dave@mielke.cc
dave@mielke.cc
dave@mielke.cc
dave@mielke.cc
dave@mielke.cc
dave@mielke.cc
adikushnir@gmail.com
dave@mielke.cc
dave@mielke.cc
dave@mielke.cc
dave@mielke.cc
dave@mielke.cc
dave@mielke.cc
mlang@delysid.org
dave@mielke.cc
dave@mielke.cc
mlang@delysid.org
dave@mielke.cc
dave@mielke.cc
dave@mielke.cc
mlang@delysid.org
dave@mielke.cc
mick@kulgan.net
dave@mielke.cc
dave@mielke.cc
dave@mielke.cc
dave@mielke.cc
dave@mielke.cc
coscell@gmail.com
dave@mielke.cc
director@chpi.org
dave@mielke.cc
dave@mielke.cc
dave@mielke.cc
dave@mielke.cc
dave@mielke.cc
dave@mielke.cc
nico@fluxnic.net
dave@mielke.cc
dave@mielke.cc
billh@gnome.org
dave@mielke.cc
dave@mielke.cc
dave@mielke.cc
nico@fluxnic.net
dave@mielke.cc
dave@mielke.cc
dave@mielke.cc
dave@mielke.cc
dave@mielke.cc
dave@mielke.cc
dave@mielke.cc
dave@mielke.cc
dave@mielke.cc
dave@mielke.cc
dave@mielke.cc
users@asim.lip
dave@mielke.cc
kirkland@canonical.com
brian@canonical.com
kirkland@canonical.com
kirkland@canonical.com
miquels@cistron.nl
hmh@rcm.org
rleigh@debian.org
beattie@canonical.com
kees@ubuntu.com
rmurray@debian.org
tytso@mit.edu
branden@debian.org
ejka@imfi.kspu
ondrej@debian.org
biebl@debian.org
walters@debian.org
sjoerd@debian.org
bigon@debian.org
ejad@debian.org
filippo@debian.org
limonciello@dell.com
iwamatsu@debian.org
p@kernel.linux
printing@lists.debian
ondrej@debian.org
fabbe@debian.org
jaybonci@debian.org
fabbe@debian.org
miquels@cistron.nl
hmh@rcm.org
rleigh@debian.org
tytso@mit.edu
p@kernel.linux
ondrej@debian.org
biebl@debian.org
branden@debian.org
ejka@imfi.kspu
ondrej@debian.org
ejad@debian.org
filippo@debian.org
limonciello@dell.com
iwamatsu@debian.org
bigon@debian.org
rmurray@debian.org
jtang@tresys.com
rmurray@debian.org
tytso@mit.edu
branden@debian.org
ejka@imfi.kspu
ondrej@debian.org
biebl@debian.org
walters@debian.org
sjoerd@debian.org
bigon@debian.org
ejad@debian.org
filippo@debian.org
limonciello@dell.com
iwamatsu@debian.org
p@kernel.linux
printing@lists.debian
ondrej@debian.org
fabbe@debian.org
vlsi@masi.ibp
user@example.com
p@kernel.linux
bigon@debian.org
branden@debian.org
ejka@imfi.kspu
printing@lists.debian
walters@debian.org
sjoerd@debian.org
ejad@debian.org
filippo@debian.org
limonciello@dell.com
iwamatsu@debian.org
fabbe@debian.org
miquels@cistron.nl
hmh@rcm.org
rleigh@debian.org
biebl@debian.org
tytso@mit.edu
ondrej@debian.org
ondrej@debian.org
rmurray@debian.org
beattie@canonical.com
kees@ubuntu.com
speechd@freebsoft.org
ajt@debian.org
cowboy@debian.org
magnus@debian.org
devel@lists.alioth
cowboy@debian.org
devel@lists.alioth
devel@lists.alioth
cowboy@debian.org
magnus@debian.org
devel@lists.alioth
gunnarhj@ubuntu.com
shaunm@gnome.org
pdewacht@gmail.com
u@h.UUCP
user@host.domain
user@mailhub.gadget
user@gadget.com
user@firewall.gadget
user@harker.com
u@h.UUCP
user@host.domain
u@h.UUCP
user@host.domain
u@h.UUCP
user@host.domain
cowboy@debian.org
byrum@canonical.com
ledkovs@canonical.com
msweet@apple.com
scott@netsplit.com
scott@netsplit.com
scott@netsplit.com
scott@netsplit.com
superm1@ubuntu.com
kamppeter@gmail.com
clint@ubuntu.com
ancell@canonical.com
ondrej@debian.org
ondrej@debian.org
rmurray@debian.org
tytso@mit.edu
branden@debian.org
ejka@imfi.kspu
ondrej@debian.org
biebl@debian.org
walters@debian.org
sjoerd@debian.org
bigon@debian.org
ejad@debian.org
filippo@debian.org
limonciello@dell.com
iwamatsu@debian.org
p@kernel.linux
printing@lists.debian
ondrej@debian.org
fabbe@debian.org
and1000@debian.org
Lepied@sugix.frmug
Lepied@sugix.frmug
eichin@kitten.gen
rafael@debian.org
agmartin@debian.org
x@lists.debian
jcatki@jonatkins.org
shewplx@pblx.net
sneakums@usa.net
etienne@isr.ist
etienne@isr.ist
osamu@debian.org
aron@debian.org
license@farsiweb.info
license@farsiweb.info
gevatter@ubuntu.cat
jamie@canonical.com
davies@canonical.com
quigley@canonical.com
rene@debian.org
jamie@canonical.com
pitt@ubuntu.com
quigley@canonical.com
rene@debian.org
jamie@ubuntu.com
quigley@canonical.com
dressler@gmail.com
jamie@canonical.com
jamie@canonical.com
pitt@ubuntu.com
intrigeri@boum.org
quigley@canonical.com
rene@debian.org
fabbe@debian.org
miquels@cistron.nl
hmh@rcm.org
rleigh@debian.org
tytso@mit.edu
p@kernel.linux
ondrej@debian.org
biebl@debian.org
branden@debian.org
ejka@imfi.kspu
ondrej@debian.org
ejad@debian.org
filippo@debian.org
limonciello@dell.com
iwamatsu@debian.org
bigon@debian.org
rmurray@debian.org
collin@tukaani.org
charles@comm.polymtl
collin@tukaani.org
asac@jwsdot.com
fta@sofaraway.org
langasek@canonical.com
coulson@canonical.com
tromey@redhat.com
adl@gnu.org
automake@gnu.org
charles@comm.polymtl
collin@tukaani.org
collin@tukaani.org
collin@tukaani.org
collin@tukaani.org
djm@gnu.ai
tromey@redhat.com
adl@gnu.org
automake@gnu.org
charles@comm.polymtl
collin@tukaani.org
asac@jwsdot.com
fta@sofaraway.org
langasek@canonical.com
coulson@canonical.com
gunnarhj@ubuntu.com
users@asim.lip
users@asim.lip
64@openssh.com
username@site.domain
printing@lists.debian
fabbe@debian.org
tytso@mit.edu
p@kernel.linux
ondrej@debian.org
biebl@debian.org
branden@debian.org
ejka@imfi.kspu
ondrej@debian.org
ejad@debian.org
filippo@debian.org
limonciello@dell.com
iwamatsu@debian.org
bigon@debian.org
rmurray@debian.org
